15:40:33检测到外部配置文件: F:\code\xjjdcj\node_modules\electron\dist\config.json
15:40:33成功从外部配置文件加载配置
15:40:33已从本地存储加载坐标配置
15:40:33应用页面已加载完成
15:40:33日志系统初始化完成，开始监听各种事件
15:40:33开始心跳循环检测登录状态（每5秒截图分析一次）
15:40:33游戏页面开始加载
15:40:33开始导航到: https://www.wanyiwan.top/game/xjjdcj
15:40:33导航完成: https://www.wanyiwan.top/game/xjjdcj
15:40:33开始导航到: https://www.wanyiwan.top/game/xjjdcj
15:40:33开始导航到: https://tracert.alipay.com/cross.html
15:40:33忽略非关键错误（如支付宝跨域错误），页面可能已正常加载
15:40:35游戏页面已加载完成
15:40:35游戏页面开始加载
15:40:35开始导航到: about:srcdoc
15:40:35Webview: 页面仍显示登录相关内容，请继续完成登录
15:40:35游戏页面开始加载
15:40:35开始导航到: https://www.wanyiwan.top/gameIframe?debugMode=false
15:40:35开始导航到: https://www.wanyiwan.top/gameIframe?debugMode=false
15:40:35开始导航到: https://tracert.alipay.com/cross.html
15:40:35忽略非关键错误（如支付宝跨域错误），页面可能已正常加载
15:40:38登录状态检测: 状态未知
15:40:43登录成功（检测到游戏界面），准备触发全屏
15:40:43Webview: 登录成功，已自动触发全屏
15:41:54配置已保存到文件: F:\code\xjjdcj\node_modules\electron\dist\config.json
15:41:54已将选择坐标应用到战斗确定按钮: (48%, 66%)
15:41:54坐标配置已保存到配置文件
